[0;32m[OS-BOOT-MANAGER][0m Fetching latest release from upstream
  % Total    % Received % Xferd  Average Speed  Time    Time    Time   Current
                                 Dload  Upload  Total   Spent   Left   Speed
  0      0   0      0   0      0      0      0                              0  0      0   0      0   0      0      0      0           00:01              0  0      0   0      0   0      0      0      0           00:02              0  0      0   0      0   0      0      0      0           00:03              0  0      0   0      0   0      0      0      0           00:04              0  0      0   0      0   0      0      0      0           00:05              0  0      0   0      0   0      0      0      0           00:06              0  0      0   0      0   0      0      0      0           00:07              0  0      0   0      0   0      0      0      0           00:08              0  0      0   0      0   0      0      0      0           00:09              0curl: (6) Could not resolve host: github.com
Warning: Problem : timeout. Will retry in 2 seconds. 3 retries left.
curl: (6) Could not resolve host: github.com
Warning: Problem : timeout. Will retry in 2 seconds. 2 retries left.
curl: (6) Could not resolve host: github.com
Warning: Problem : timeout. Will retry in 2 seconds. 1 retry left.
curl: (6) Could not resolve host: github.com
[1;33m[OS-BOOT-MANAGER][0m Failed to refresh upstream release; reusing cached boot assets in /mnt/c/Users/Benno111/Documents/GitHub/OS-MASTER/build/x86_64/boot-assets/os-boot-manager
[0;32m[X86_64-ISO][0m Preparing ISO root at /mnt/c/Users/Benno111/Documents/GitHub/OS-MASTER/build/x86_64/iso_root
[0;32m[OS-BOOT-MANAGER][0m Fetching latest release from upstream
  % Total    % Received % Xferd  Average Speed  Time    Time    Time   Current
                                 Dload  Upload  Total   Spent   Left   Speed
  0      0   0      0   0      0      0      0                              0  0      0   0      0   0      0      0      0           00:01              0  0      0   0      0   0      0      0      0           00:02              0  0      0   0      0   0      0      0      0           00:03              0  0      0   0      0   0      0      0      0           00:04              0  0      0   0      0   0      0      0      0           00:05              0  0      0   0      0   0      0      0      0           00:06              0  0      0   0      0   0      0      0      0           00:07              0  0      0   0      0   0      0      0      0           00:08              0  0      0   0      0   0      0      0      0           00:09              0curl: (6) Could not resolve host: github.com
Warning: Problem : timeout. Will retry in 2 seconds. 3 retries left.
curl: (6) Could not resolve host: github.com
Warning: Problem : timeout. Will retry in 2 seconds. 2 retries left.
curl: (6) Could not resolve host: github.com
Warning: Problem : timeout. Will retry in 2 seconds. 1 retry left.
curl: (6) Could not resolve host: github.com
[1;33m[OS-BOOT-MANAGER][0m Failed to refresh upstream release; reusing cached boot assets in /mnt/c/Users/Benno111/Documents/GitHub/OS-MASTER/build/x86_64/boot-assets/os-boot-manager
[0;32m[BOOT-FILES][0m Preparing boot payload at /mnt/c/Users/Benno111/Documents/GitHub/OS-MASTER/build/x86_64/iso_root
[0;32m[BOOT-FILES][0m Boot files staged into /mnt/c/Users/Benno111/Documents/GitHub/OS-MASTER/build/x86_64/iso_root
[0;32m[BOOT-FILES][0m Boot file archive: /mnt/c/Users/Benno111/Documents/GitHub/OS-MASTER/build/x86_64/boot-files.zip
[0;32m[X86_64-ISO][0m Creating hybrid BIOS+UEFI ISO: /mnt/c/Users/Benno111/Documents/GitHub/OS-MASTER/image/os8-x86_64.iso
xorriso 1.5.6 : RockRidge filesystem manipulator, libburnia project.

Drive current: -outdev 'stdio:/mnt/c/Users/Benno111/Documents/GitHub/OS-MASTER/image/os8-x86_64.iso'
Media current: stdio file, overwriteable
Media status : is blank
Media summary: 0 sessions, 0 data blocks, 0 data,  559g free
Added to ISO image: directory '/'='/mnt/c/Users/Benno111/Documents/GitHub/OS-MASTER/build/x86_64/iso_root'
xorriso : UPDATE :      60 files added in 1 seconds
xorriso : UPDATE :      60 files added in 1 seconds
xorriso : UPDATE :  1.17% done
xorriso : UPDATE :  5.90% done
xorriso : UPDATE :  18.27% done
xorriso : UPDATE :  30.43% done, estimate finish Fri Jun 19 01:26:24 2026
xorriso : UPDATE :  42.74% done, estimate finish Fri Jun 19 01:26:24 2026
xorriso : UPDATE :  53.46% done, estimate finish Fri Jun 19 01:26:24 2026
xorriso : UPDATE :  64.51% done, estimate finish Fri Jun 19 01:26:25 2026
xorriso : UPDATE :  75.14% done, estimate finish Fri Jun 19 01:26:25 2026
xorriso : UPDATE :  87.14% done, estimate finish Fri Jun 19 01:26:25 2026
xorriso : UPDATE :  97.20% done
ISO image produced: 19142 sectors
Written to medium : 19142 sectors at LBA 0
Writing to 'stdio:/mnt/c/Users/Benno111/Documents/GitHub/OS-MASTER/image/os8-x86_64.iso' completed successfully.

[0;32m[X86_64-ISO][0m Validating ISO contents...
xorriso 1.5.6 : RockRidge filesystem manipulator, libburnia project.

xorriso : NOTE : Loading ISO image tree from LBA 0
xorriso : UPDATE :      61 nodes read in 1 seconds
xorriso : NOTE : Detected El-Torito boot information which currently is set to be discarded
Drive current: -indev '/mnt/c/Users/Benno111/Documents/GitHub/OS-MASTER/image/os8-x86_64.iso'
Media current: stdio file, overwriteable
Media status : is written , is appendable
Boot record  : El Torito , MBR cyl-align-off
Media summary: 1 session, 19142 data blocks, 37.4m data,  559g free
Volume id    : 'ISOIMAGE'
[0;32m[X86_64-ISO][0m ISO created successfully: /mnt/c/Users/Benno111/Documents/GitHub/OS-MASTER/image/os8-x86_64.iso
-rwxrwxrwx 1 benno111 benno111 38M Jun 19 01:26 /mnt/c/Users/Benno111/Documents/GitHub/OS-MASTER/image/os8-x86_64.iso
-rwxrwxrwx 1 benno111 benno111 19M Jun 19 01:26 /mnt/c/Users/Benno111/Documents/GitHub/OS-MASTER/image/os8-x86_64.iso.xz

[0;32m[X86_64-ISO][0m BIOS VM test:  qemu-system-x86_64 -M q35 -m 512M -cdrom /mnt/c/Users/Benno111/Documents/GitHub/OS-MASTER/image/os8-x86_64.iso -serial stdio
[0;32m[X86_64-ISO][0m UEFI VM test:  qemu-system-x86_64 -M q35 -m 512M -cdrom /mnt/c/Users/Benno111/Documents/GitHub/OS-MASTER/image/os8-x86_64.iso -bios /usr/share/OVMF/OVMF_CODE.fd -serial stdio
[0;32m[X86_64-ISO][0m Rufus: select /mnt/c/Users/Benno111/Documents/GitHub/OS-MASTER/image/os8-x86_64.iso and write it in ISO mode to a USB drive
